npm warn exec The following package was not found and will be installed: wrangler@4.90.1

 ⛅️ wrangler 4.90.1
───────────────────
Attaching additional modules:
┌─────────────────────────────────────────────────────────┬──────┬────────────┐
│ Name                                                    │ Type │ Size       │
├─────────────────────────────────────────────────────────┼──────┼────────────┤
│ __next-on-pages-dist__/cache/adaptor.js                 │ esm  │ 2.29 KiB   │
├─────────────────────────────────────────────────────────┼──────┼────────────┤
│ __next-on-pages-dist__/cache/cache-api.js               │ esm  │ 0.43 KiB   │
├─────────────────────────────────────────────────────────┼──────┼────────────┤
│ __next-on-pages-dist__/cache/kv.js                      │ esm  │ 0.35 KiB   │
├─────────────────────────────────────────────────────────┼──────┼────────────┤
│ __next-on-pages-dist__/functions/src/middleware.func.js │ esm  │ 107.12 KiB │
├─────────────────────────────────────────────────────────┼──────┼────────────┤
│ Total (4 modules)                                       │      │ 110.18 KiB │
└─────────────────────────────────────────────────────────┴──────┴────────────┘
✨ Compiled Worker successfully
✨ Parsed 1 valid header rule.
Your Worker has access to the following bindings:
Binding                                                                   Resource                  Mode
env.CF_PAGES ("1")                                                        Environment Variable      local
env.CF_PAGES_BRANCH ("main")                                              Environment Variable      local
env.CF_PAGES_COMMIT_SHA ("3d9c363d5da5147cb87ca826e151806a20189...")      Environment Variable      local
env.CF_PAGES_URL ("https://3d9c363.angel888.pages.dev")                   Environment Variable      local

⎔ Starting local server...
[wrangler:info] Ready on http://localhost:8788
[31m✘ [41;31m[[41;97mERROR[41;31m][0m [1m[Error: No such module "__next-on-pages-dist__/functions/src/async_hooks".[0m

    imported from "__next-on-pages-dist__/functions/src/middleware.func.js"]


[wrangler:info] HEAD / 500 Internal Server Error (41ms)
